../Core/Src/DS1307.c:19:6:DS1307_Init	16	static
../Core/Src/DS1307.c:28:6:DS1307_SetClockHalt	24	static
../Core/Src/DS1307.c:37:9:DS1307_GetClockHalt	8	static
../Core/Src/DS1307.c:46:6:DS1307_SetRegByte	32	static
../Core/Src/DS1307.c:56:9:DS1307_GetRegByte	32	static
../Core/Src/DS1307.c:67:6:DS1307_SetEnableSquareWave	24	static
../Core/Src/DS1307.c:77:6:DS1307_SetInterruptRate	24	static
../Core/Src/DS1307.c:87:9:DS1307_GetDayOfWeek	8	static
../Core/Src/DS1307.c:95:9:DS1307_GetDate	8	static
../Core/Src/DS1307.c:103:9:DS1307_GetMonth	8	static
../Core/Src/DS1307.c:111:10:DS1307_GetYear	16	static
../Core/Src/DS1307.c:120:9:DS1307_GetHour	8	static
../Core/Src/DS1307.c:128:9:DS1307_GetMinute	8	static
../Core/Src/DS1307.c:136:9:DS1307_GetSecond	8	static
../Core/Src/DS1307.c:145:8:DS1307_GetTimeZoneHour	8	static
../Core/Src/DS1307.c:154:9:DS1307_GetTimeZoneMin	8	static
../Core/Src/DS1307.c:162:6:DS1307_SetDayOfWeek	16	static
../Core/Src/DS1307.c:170:6:DS1307_SetDate	16	static
../Core/Src/DS1307.c:178:6:DS1307_SetMonth	16	static
../Core/Src/DS1307.c:186:6:DS1307_SetYear	16	static
../Core/Src/DS1307.c:195:6:DS1307_SetHour	16	static
../Core/Src/DS1307.c:203:6:DS1307_SetMinute	16	static
../Core/Src/DS1307.c:211:6:DS1307_SetSecond	24	static
../Core/Src/DS1307.c:222:6:DS1307_SetTimeZone	16	static
../Core/Src/DS1307.c:232:9:DS1307_DecodeBCD	16	static
../Core/Src/DS1307.c:241:9:DS1307_EncodeBCD	16	static
