../Core/Src/main.c:94:9:decToBcd	16	static
../Core/Src/main.c:98:9:bcdToDec	16	static
../Core/Src/main.c:102:6:setDS1307Time	40	static
../Core/Src/main.c:120:5:main	232	static
../Core/Src/main.c:238:6:SystemClock_Config	72	static
../Core/Src/main.c:278:13:MX_I2C1_Init	8	static
../Core/Src/main.c:312:13:MX_TIM1_Init	32	static
../Core/Src/main.c:358:13:MX_USART1_UART_Init	8	static
../Core/Src/main.c:391:13:MX_GPIO_Init	40	static
../Core/Src/main.c:438:6:StartDHT11	40	static
../Core/Src/main.c:465:6:StartIDS1307	48	static
../Core/Src/main.c:503:6:StartRX	192	static
../Core/Src/main.c:565:6:StartLCD	48	static
../Core/Src/main.c:596:6:StartTX	40	static
../Core/Src/main.c:618:6:StartTaskROW2	32	static
../Core/Src/main.c:647:6:HAL_TIM_PeriodElapsedCallback	16	static
../Core/Src/main.c:664:6:Error_Handler	4	static,ignoring_inline_asm
