../Core/Src/main.c:84:6:I2C_DS1307	8	static
../Core/Src/main.c:90:6:One_write_DHT11	8	static
../Core/Src/main.c:94:6:I2C_LCD	16	static
../Core/Src/main.c:112:6:UART_TX	48	static
../Core/Src/main.c:125:6:UART_RX	24	static
../Core/Src/main.c:170:9:decToBcd	16	static
../Core/Src/main.c:174:9:bcdToDec	16	static
../Core/Src/main.c:178:6:setDS1307Time	40	static
../Core/Src/main.c:213:5:main	16	static
../Core/Src/main.c:277:6:SystemClock_Config	72	static
../Core/Src/main.c:317:13:MX_I2C1_Init	8	static
../Core/Src/main.c:351:13:MX_TIM1_Init	32	static
../Core/Src/main.c:396:13:MX_USART1_UART_Init	8	static
../Core/Src/main.c:429:13:MX_GPIO_Init	40	static
../Core/Src/main.c:473:6:Error_Handler	4	static,ignoring_inline_asm
